// Jest Snapshot v1, https://goo.gl/fbAQLP

exports[`Button tests Button renders corretly 1`] = `
<div>
  <button>
    CodeAcademy
  </button>
</div>
`;
